#-----------------------------------------------------------
# Vivado v2020.2 (64-bit)
# SW Build 3064766 on Wed Nov 18 09:12:47 MST 2020
# IP Build 3064653 on Wed Nov 18 14:17:31 MST 2020
# Start of session at: Thu Mar 31 18:44:37 2022
# Process ID: 2733534
# Current directory: /uio/hume/student-u81/rolfvh/IN3160-22/oblig6
# Command line: vivado
# Log file: /uio/hume/student-u81/rolfvh/IN3160-22/oblig6/vivado.log
# Journal file: /uio/hume/student-u81/rolfvh/IN3160-22/oblig6/vivado.jou
#-----------------------------------------------------------
start_gui
open_project /uio/hume/student-u81/rolfvh/IN3160-22/oblig6/project_1/project_1.xpr
update_compile_order -fileset sources_1
launch_runs synth_1 -jobs 4
wait_on_run synth_1
import_files -norecurse /uio/hume/student-u81/rolfvh/IN3160-22/oblig6/bin2ssd_pck.vhd
update_compile_order -fileset sources_1
reset_run synth_1
launch_runs synth_1 -jobs 4
wait_on_run synth_1
set_property file_type {VHDL 2008} [get_files  /uio/hume/student-u81/rolfvh/IN3160-22/oblig6/project_1/project_1.srcs/sources_1/imports/oblig6/bin2ssd_pck.vhd]
set_property file_type {VHDL 2008} [get_files  /uio/hume/student-u81/rolfvh/IN3160-22/oblig6/tb_seg7ctrl.vhd]
set_property file_type {VHDL 2008} [get_files  /uio/hume/student-u81/rolfvh/IN3160-22/oblig6/seg7ctrl_arch.vhd]
set_property file_type {VHDL 2008} [get_files  /uio/hume/student-u81/rolfvh/IN3160-22/oblig6/seg7ctrl.vhd]
set_property file_type {VHDL 2008} [get_files  /uio/hume/student-u81/rolfvh/IN3160-22/oblig6/seg7model_ent.vhd]
set_property file_type {VHDL 2008} [get_files  /uio/hume/student-u81/rolfvh/IN3160-22/oblig6/self_test_unit.vhd]
reset_run synth_1
launch_runs synth_1 -jobs 4
wait_on_run synth_1
launch_simulation
source self_test_system.tcl
# Disabling source management mode.  This is to allow the top design properties to be set without GUI intervention.
set_property source_mgmt_mode None [current_project]
set_property top self_test_unit [current_fileset]
# Re-enabling previously disabled source management mode.
set_property source_mgmt_mode All [current_project]
update_compile_order -fileset sources_1
close_sim
launch_simulation
source self_test_system.tcl
# Disabling source management mode.  This is to allow the top design properties to be set without GUI intervention.
set_property source_mgmt_mode None [current_project]
set_property top seg7ctrl [current_fileset]
set_property top_lib xil_defaultlib [current_fileset]
set_property top_arch rom [current_fileset]
# Re-enabling previously disabled source management mode.
set_property source_mgmt_mode All [current_project]
update_compile_order -fileset sources_1
close_sim
launch_simulation
source self_test_system.tcl
close_sim
launch_simulation
source self_test_system.tcl
close_sim
launch_simulation
source self_test_system.tcl
reset_run synth_1
launch_runs synth_1 -jobs 4
wait_on_run synth_1
launch_runs impl_1 -jobs 4
wait_on_run impl_1
reset_run synth_1
launch_runs synth_1 -jobs 4
wait_on_run synth_1
launch_runs impl_1 -jobs 4
wait_on_run impl_1
reset_run synth_1
launch_runs synth_1 -jobs 4
wait_on_run synth_1
launch_runs impl_1 -jobs 4
wait_on_run impl_1
open_run impl_1
set_property used_in_synthesis true [get_files  /uio/hume/student-u81/rolfvh/IN3160-22/oblig6/self_test_system.vhd]
# Disabling source management mode.  This is to allow the top design properties to be set without GUI intervention.
set_property source_mgmt_mode None [current_project]
set_property top self_test_system [current_fileset]
# Re-enabling previously disabled source management mode.
set_property source_mgmt_mode All [current_project]
update_compile_order -fileset sources_1
reset_run synth_1
launch_runs synth_1 -jobs 4
wait_on_run synth_1
launch_runs impl_1 -jobs 4
wait_on_run impl_1
refresh_design
reset_run synth_1
launch_runs synth_1 -jobs 4
wait_on_run synth_1
launch_runs impl_1 -jobs 4
wait_on_run impl_1
reset_run synth_1
launch_runs synth_1 -jobs 4
wait_on_run synth_1
launch_runs impl_1 -jobs 4
wait_on_run impl_1
refresh_design
reset_run synth_1
launch_runs synth_1 -jobs 4
wait_on_run synth_1
reset_run synth_1
launch_runs synth_1 -jobs 4
wait_on_run synth_1
reset_run synth_1
launch_runs synth_1 -jobs 4
wait_on_run synth_1
reset_run synth_1
launch_runs synth_1 -jobs 4
wait_on_run synth_1
launch_runs impl_1 -jobs 4
wait_on_run impl_1
refresh_design
reset_run synth_1
launch_runs synth_1 -jobs 4
wait_on_run synth_1
reset_run synth_1
launch_runs synth_1 -jobs 4
wait_on_run synth_1
launch_runs impl_1 -jobs 4
wait_on_run impl_1
reset_run synth_1
launch_runs synth_1 -jobs 4
wait_on_run synth_1
launch_runs impl_1 -jobs 4
wait_on_run impl_1
refresh_design
reset_run synth_1
launch_runs synth_1 -jobs 4
wait_on_run synth_1
launch_runs impl_1 -jobs 4
wait_on_run impl_1
refresh_design
reset_run synth_1
launch_runs synth_1 -jobs 4
wait_on_run synth_1
launch_runs impl_1 -jobs 4
wait_on_run impl_1
refresh_design
launch_runs synth_1 -jobs 4
wait_on_run synth_1
reset_run synth_1
close_sim
