#-----------------------------------------------------------
# Webtalk v2020.2 (64-bit)
# SW Build 3064766 on Wed Nov 18 09:12:47 MST 2020
# IP Build 3064653 on Wed Nov 18 14:17:31 MST 2020
# Start of session at: Fri Apr 29 14:10:55 2022
# Process ID: 146317
# Current directory: /uio/hume/student-u81/rolfvh/IN3160-22/oblig8/project_2/project_2.sim/sim_1/synth/timing/xsim
# Command line: wbtcv -mode batch -source /uio/hume/student-u81/rolfvh/IN3160-22/oblig8/project_2/project_2.sim/sim_1/synth/timing/xsim/xsim.dir/self_test_system_time_synth/webtalk/xsim_webtalk.tcl -notrace
# Log file: /uio/hume/student-u81/rolfvh/IN3160-22/oblig8/project_2/project_2.sim/sim_1/synth/timing/xsim/webtalk.log
# Journal file: /uio/hume/student-u81/rolfvh/IN3160-22/oblig8/project_2/project_2.sim/sim_1/synth/timing/xsim/webtalk.jou
#-----------------------------------------------------------
source /uio/hume/student-u81/rolfvh/IN3160-22/oblig8/project_2/project_2.sim/sim_1/synth/timing/xsim/xsim.dir/self_test_system_time_synth/webtalk/xsim_webtalk.tcl -notrace
